// Jest Snapshot v1, https://goo.gl/fbAQLP

exports[`should render 1`] = `
<div>
  <h1>
    The current time is
  </h1>
  <h2>
    Mon Jan 01 2018 00:00:00 GMT+0000 (GMT Standard Time)
  </h2>
</div>
`;
